ENTRANCE	FUCHSIA_CITY	5	south	18	7	16
ENTRANCE	ROUTE_11	1	west	46	8	32
ENTRANCE	ROUTE_11	1	east	61	8	32
ENTRANCE	ROUTE_12	1	south	10	25	16
ENTRANCE	ROUTE_12	1	north	10	12	32
ENTRANCE	ROUTE_15	1	west	4	8	32
ENTRANCE	ROUTE_15	1	east	17	8	32
ENTRANCE	ROUTE_16	1	west	14	4	32
ENTRANCE	ROUTE_16	1	east	27	4	32
ENTRANCE	ROUTE_16	2	west	14	10	32
ENTRANCE	ROUTE_16	2	east	27	10	32
ENTRANCE	ROUTE_18	1	west	30	8	32
ENTRANCE	ROUTE_18	1	east	43	8	32
ENTRANCE	ROUTE_2	1	north	3	8	16
ENTRANCE	ROUTE_2	2	south	3	47	16
ENTRANCE	ROUTE_2	3	south	15	43	16
ENTRANCE	ROUTE_2	3	north	16	32	16
ENTRANCE	ROUTE_22	1	south	8	9	16
ENTRANCE	ROUTE_5	2	south	10	37	16
ENTRANCE	ROUTE_5	2	north	9	26	32
ENTRANCE	ROUTE_6	2	south	10	11	16
ENTRANCE	ROUTE_6	2	north	9	-2	32
ENTRANCE	ROUTE_7	2	west	8	9	32
ENTRANCE	ROUTE_7	2	east	21	9	32
ENTRANCE	ROUTE_8	1	west	-2	9	32
ENTRANCE	ROUTE_8	1	east	11	9	32
GATE_VIEW_PASS	FUCHSIA_CITY	south-5
GATE_VIEW_PASS	ROUTE_11	west-1
GATE_VIEW_PASS	ROUTE_11	east-1
GATE_VIEW_PASS	ROUTE_12	south-1
GATE_VIEW_PASS	ROUTE_12	north-1
GATE_VIEW_PASS	ROUTE_15	west-1
GATE_VIEW_PASS	ROUTE_15	east-1
GATE_VIEW_PASS	ROUTE_16	west-1
GATE_VIEW_PASS	ROUTE_16	east-1
GATE_VIEW_PASS	ROUTE_16	west-2
GATE_VIEW_PASS	ROUTE_16	east-2
GATE_VIEW_PASS	ROUTE_18	west-1
GATE_VIEW_PASS	ROUTE_18	east-1
GATE_VIEW_PASS	ROUTE_2	north-1
GATE_VIEW_PASS	ROUTE_2	south-2
GATE_VIEW_PASS	ROUTE_2	south-3
GATE_VIEW_PASS	ROUTE_2	north-3
GATE_VIEW_PASS	ROUTE_22	south-1
GATE_VIEW_PASS	ROUTE_5	south-2
GATE_VIEW_PASS	ROUTE_5	north-2
GATE_VIEW_PASS	ROUTE_6	south-2
GATE_VIEW_PASS	ROUTE_6	north-2
GATE_VIEW_PASS	ROUTE_7	west-2
GATE_VIEW_PASS	ROUTE_7	east-2
GATE_VIEW_PASS	ROUTE_8	west-1
GATE_VIEW_PASS	ROUTE_8	east-1
ALL_GATES_DONE	26
