REAL_FOLLOWER_PASS	1
REAL_WILDS_PASS
ZOO_PASS	FUCHSIACITY_KANGASKHAN	115
ZOO_PASS	FUCHSIACITY_CHANSEY	113
ZOO_PASS	FUCHSIACITY_VOLTORB	100
ZOO_PASS	FUCHSIACITY_SLOWPOKE	79
ZOO_PASS	FUCHSIACITY_LAPRAS	131
MOUNT_MOON_HD_PASS	MTMOONPOKECENTER_NURSE	assets/characters/npcs/nurse-kasc-hd-4x3-walk-sheet-v1.png
MOUNT_MOON_HD_PASS	MTMOONPOKECENTER_LINK_RECEPTIONIST	assets/characters/npcs/link-receptionist-kasc-hd-4x3-walk-sheet-v1.png
MOUNT_MOON_HD_PASS	MTMOONPOKECENTER_GENTLEMAN	assets/characters/npcs/gentleman-kasc-hd-4x3-walk-sheet-v1.png
MOUNT_MOON_HD_PASS	MTMOONPOKECENTER_YOUNGSTER	assets/characters/npcs/youngster-gen1-bald-hd-4x3-walk-sheet-v1.png
MOUNT_MOON_HD_PASS	MTMOONPOKECENTER_MAGIKARP_SALESMAN	assets/characters/npcs/middle-aged-man-kasc-hd-4x3-walk-sheet-v1.png
NATIVE_DONE
SEATED_TILESET_MAP	CINNABAR_POKECENTER	1
SEATED_TILESET_MAP	SAFFRON_POKECENTER	1
SEATED_TILESET_MAP	VIRIDIAN_POKECENTER	1
SEATED_TILESET_MAP	PEWTER_POKECENTER	1
SEATED_TILESET_MAP	CERULEAN_POKECENTER	1
SEATED_TILESET_MAP	MT_MOON_POKECENTER	1
SEATED_TILESET_MAP	ROCK_TUNNEL_POKECENTER	1
SEATED_TILESET_MAP	VERMILION_POKECENTER	1
SEATED_TILESET_MAP	CELADON_POKECENTER	1
SEATED_TILESET_MAP	CELADON_HOTEL	1
SEATED_TILESET_MAP	LAVENDER_POKECENTER	1
SEATED_TILESET_MAP	FUCHSIA_POKECENTER	1
SEATED_NATIVE_PASS	MT_MOON_POKECENTER	1
SEATED_NATIVE_PASS	VIRIDIAN_POKECENTER	1
SEATED_NATIVE_PASS	CELADON_HOTEL	1
SEATED_NATIVE_DONE	12
